CREATE TABLE
INSERT 3 row(s)
min | max
10.000000 | 30.000000
Bye.
