CREATE TABLE
INSERT 1 row(s)
UPDATE 1 row(s)
id | v
'a' | 1
Bye.
