CREATE TABLE
INSERT 1 row(s)
UPDATE 1 row(s)
id
'e1'
Bye.
